Archive member included to satisfy reference by file (symbol)

C:/ST/STM32CubeIDE_1.15.1/STM32CubeIDE/plugins/com.st.stm32cube.ide.mcu.externaltools.gnu-tools-for-stm32.12.3.rel1.win32_1.0.100.202403111256/tools/bin/../lib/gcc/arm-none-eabi/12.3.1/../../../../arm-none-eabi/lib/thumb/v7-m/nofp\libc_nano.a(libc_a-exit.o)
                              C:/ST/STM32CubeIDE_1.15.1/STM32CubeIDE/plugins/com.st.stm32cube.ide.mcu.externaltools.gnu-tools-for-stm32.12.3.rel1.win32_1.0.100.202403111256/tools/bin/../lib/gcc/arm-none-eabi/12.3.1/../../../../arm-none-eabi/lib/thumb/v7-m/nofp/crt0.o (exit)
C:/ST/STM32CubeIDE_1.15.1/STM32CubeIDE/plugins/com.st.stm32cube.ide.mcu.externaltools.gnu-tools-for-stm32.12.3.rel1.win32_1.0.100.202403111256/tools/bin/../lib/gcc/arm-none-eabi/12.3.1/../../../../arm-none-eabi/lib/thumb/v7-m/nofp\libc_nano.a(libc_a-itoa.o)
                              ./Src/main.o (itoa)
C:/ST/STM32CubeIDE_1.15.1/STM32CubeIDE/plugins/com.st.stm32cube.ide.mcu.externaltools.gnu-tools-for-stm32.12.3.rel1.win32_1.0.100.202403111256/tools/bin/../lib/gcc/arm-none-eabi/12.3.1/../../../../arm-none-eabi/lib/thumb/v7-m/nofp\libc_nano.a(libc_a-utoa.o)
                              C:/ST/STM32CubeIDE_1.15.1/STM32CubeIDE/plugins/com.st.stm32cube.ide.mcu.externaltools.gnu-tools-for-stm32.12.3.rel1.win32_1.0.100.202403111256/tools/bin/../lib/gcc/arm-none-eabi/12.3.1/../../../../arm-none-eabi/lib/thumb/v7-m/nofp\libc_nano.a(libc_a-itoa.o) (__utoa)
C:/ST/STM32CubeIDE_1.15.1/STM32CubeIDE/plugins/com.st.stm32cube.ide.mcu.externaltools.gnu-tools-for-stm32.12.3.rel1.win32_1.0.100.202403111256/tools/bin/../lib/gcc/arm-none-eabi/12.3.1/../../../../arm-none-eabi/lib/thumb/v7-m/nofp\libc_nano.a(libc_a-findfp.o)
                              C:/ST/STM32CubeIDE_1.15.1/STM32CubeIDE/plugins/com.st.stm32cube.ide.mcu.externaltools.gnu-tools-for-stm32.12.3.rel1.win32_1.0.100.202403111256/tools/bin/../lib/gcc/arm-none-eabi/12.3.1/../../../../arm-none-eabi/lib/thumb/v7-m/nofp\libc_nano.a(libc_a-exit.o) (__stdio_exit_handler)
C:/ST/STM32CubeIDE_1.15.1/STM32CubeIDE/plugins/com.st.stm32cube.ide.mcu.externaltools.gnu-tools-for-stm32.12.3.rel1.win32_1.0.100.202403111256/tools/bin/../lib/gcc/arm-none-eabi/12.3.1/../../../../arm-none-eabi/lib/thumb/v7-m/nofp\libc_nano.a(libc_a-fwalk.o)
                              C:/ST/STM32CubeIDE_1.15.1/STM32CubeIDE/plugins/com.st.stm32cube.ide.mcu.externaltools.gnu-tools-for-stm32.12.3.rel1.win32_1.0.100.202403111256/tools/bin/../lib/gcc/arm-none-eabi/12.3.1/../../../../arm-none-eabi/lib/thumb/v7-m/nofp\libc_nano.a(libc_a-findfp.o) (_fwalk_sglue)
C:/ST/STM32CubeIDE_1.15.1/STM32CubeIDE/plugins/com.st.stm32cube.ide.mcu.externaltools.gnu-tools-for-stm32.12.3.rel1.win32_1.0.100.202403111256/tools/bin/../lib/gcc/arm-none-eabi/12.3.1/../../../../arm-none-eabi/lib/thumb/v7-m/nofp\libc_nano.a(libc_a-stdio.o)
                              C:/ST/STM32CubeIDE_1.15.1/STM32CubeIDE/plugins/com.st.stm32cube.ide.mcu.externaltools.gnu-tools-for-stm32.12.3.rel1.win32_1.0.100.202403111256/tools/bin/../lib/gcc/arm-none-eabi/12.3.1/../../../../arm-none-eabi/lib/thumb/v7-m/nofp\libc_nano.a(libc_a-findfp.o) (__sread)
C:/ST/STM32CubeIDE_1.15.1/STM32CubeIDE/plugins/com.st.stm32cube.ide.mcu.externaltools.gnu-tools-for-stm32.12.3.rel1.win32_1.0.100.202403111256/tools/bin/../lib/gcc/arm-none-eabi/12.3.1/../../../../arm-none-eabi/lib/thumb/v7-m/nofp\libc_nano.a(libc_a-memset.o)
                              C:/ST/STM32CubeIDE_1.15.1/STM32CubeIDE/plugins/com.st.stm32cube.ide.mcu.externaltools.gnu-tools-for-stm32.12.3.rel1.win32_1.0.100.202403111256/tools/bin/../lib/gcc/arm-none-eabi/12.3.1/../../../../arm-none-eabi/lib/thumb/v7-m/nofp/crt0.o (memset)
C:/ST/STM32CubeIDE_1.15.1/STM32CubeIDE/plugins/com.st.stm32cube.ide.mcu.externaltools.gnu-tools-for-stm32.12.3.rel1.win32_1.0.100.202403111256/tools/bin/../lib/gcc/arm-none-eabi/12.3.1/../../../../arm-none-eabi/lib/thumb/v7-m/nofp\libc_nano.a(libc_a-closer.o)
                              C:/ST/STM32CubeIDE_1.15.1/STM32CubeIDE/plugins/com.st.stm32cube.ide.mcu.externaltools.gnu-tools-for-stm32.12.3.rel1.win32_1.0.100.202403111256/tools/bin/../lib/gcc/arm-none-eabi/12.3.1/../../../../arm-none-eabi/lib/thumb/v7-m/nofp\libc_nano.a(libc_a-stdio.o) (_close_r)
C:/ST/STM32CubeIDE_1.15.1/STM32CubeIDE/plugins/com.st.stm32cube.ide.mcu.externaltools.gnu-tools-for-stm32.12.3.rel1.win32_1.0.100.202403111256/tools/bin/../lib/gcc/arm-none-eabi/12.3.1/../../../../arm-none-eabi/lib/thumb/v7-m/nofp\libc_nano.a(libc_a-reent.o)
                              C:/ST/STM32CubeIDE_1.15.1/STM32CubeIDE/plugins/com.st.stm32cube.ide.mcu.externaltools.gnu-tools-for-stm32.12.3.rel1.win32_1.0.100.202403111256/tools/bin/../lib/gcc/arm-none-eabi/12.3.1/../../../../arm-none-eabi/lib/thumb/v7-m/nofp\libc_nano.a(libc_a-closer.o) (errno)
[...]
Memory Configuration

Name             Origin             Length             Attributes
RAM              0x20000000         0x00005000         xrw
FLASH            0x08000000         0x00010000         xr
*default*        0x00000000         0xffffffff

Linker script and memory map

LOAD C:/ST/STM32CubeIDE_1.15.1/STM32CubeIDE/plugins/com.st.stm32cube.ide.mcu.externaltools.gnu-tools-for-stm32.12.3.rel1.win32_1.0.100.202403111256/tools/bin/../lib/gcc/arm-none-eabi/12.3.1/thumb/v7-m/nofp/crti.o
LOAD C:/ST/STM32CubeIDE_1.15.1/STM32CubeIDE/plugins/com.st.stm32cube.ide.mcu.externaltools.gnu-tools-for-stm32.12.3.rel1.win32_1.0.100.202403111256/tools/bin/../lib/gcc/arm-none-eabi/12.3.1/thumb/v7-m/nofp/crtbegin.o
LOAD C:/ST/STM32CubeIDE_1.15.1/STM32CubeIDE/plugins/com.st.stm32cube.ide.mcu.externaltools.gnu-tools-for-stm32.12.3.rel1.win32_1.0.100.202403111256/tools/bin/../lib/gcc/arm-none-eabi/12.3.1/../../../../arm-none-eabi/lib/thumb/v7-m/nofp/crt0.o
LOAD ./Src/FPEC.o
LOAD ./Src/gpio.o
LOAD ./Src/lcd.o
LOAD ./Src/main.o
LOAD ./Src/syscalls.o
LOAD ./Src/sysmem.o
LOAD ./Src/tim.o
LOAD ./Src/uart.o
LOAD ./Startup/startup_stm32f103c8tx.o
START GROUP
LOAD C:/ST/STM32CubeIDE_1.15.1/STM32CubeIDE/plugins/com.st.stm32cube.ide.mcu.externaltools.gnu-tools-for-stm32.12.3.rel1.win32_1.0.100.202403111256/tools/bin/../lib/gcc/arm-none-eabi/12.3.1/../../../../arm-none-eabi/lib/thumb/v7-m/nofp\libc_nano.a
LOAD C:/ST/STM32CubeIDE_1.15.1/STM32CubeIDE/plugins/com.st.stm32cube.ide.mcu.externaltools.gnu-tools-for-stm32.12.3.rel1.win32_1.0.100.202403111256/tools/bin/../lib/gcc/arm-none-eabi/12.3.1/../../../../arm-none-eabi/lib/thumb/v7-m/nofp\libm.a
END GROUP
START GROUP
LOAD C:/ST/STM32CubeIDE_1.15.1/STM32CubeIDE/plugins/com.st.stm32cube.ide.mcu.externaltools.gnu-tools-for-stm32.12.3.rel1.win32_1.0.100.202403111256/tools/bin/../lib/gcc/arm-none-eabi/12.3.1/thumb/v7-m/nofp\libgcc.a
LOAD C:/ST/STM32CubeIDE_1.15.1/STM32CubeIDE/plugins/com.st.stm32cube.ide.mcu.externaltools.gnu-tools-for-stm32.12.3.rel1.win32_1.0.100.202403111256/tools/bin/../lib/gcc/arm-none-eabi/12.3.1/../../../../arm-none-eabi/lib/thumb/v7-m/nofp\libc_nano.a
END GROUP
START GROUP
LOAD C:/ST/STM32CubeIDE_1.15.1/STM32CubeIDE/plugins/com.st.stm32cube.ide.mcu.externaltools.gnu-tools-for-stm32.12.3.rel1.win32_1.0.100.202403111256/tools/bin/../lib/gcc/arm-none-eabi/12.3.1/thumb/v7-m/nofp\libgcc.a
LOAD C:/ST/STM32CubeIDE_1.15.1/STM32CubeIDE/plugins/com.st.stm32cube.ide.mcu.externaltools.gnu-tools-for-stm32.12.3.rel1.win32_1.0.100.202403111256/tools/bin/../lib/gcc/arm-none-eabi/12.3.1/../../../../arm-none-eabi/lib/thumb/v7-m/nofp\libc_nano.a
LOAD C:/ST/STM32CubeIDE_1.15.1/STM32CubeIDE/plugins/com.st.stm32cube.ide.mcu.externaltools.gnu-tools-for-stm32.12.3.rel1.win32_1.0.100.202403111256/tools/bin/../lib/gcc/arm-none-eabi/12.3.1/../../../../arm-none-eabi/lib/thumb/v7-m/nofp\libnosys.a
END GROUP
START GROUP
LOAD C:/ST/STM32CubeIDE_1.15.1/STM32CubeIDE/plugins/com.st.stm32cube.ide.mcu.externaltools.gnu-tools-for-stm32.12.3.rel1.win32_1.0.100.202403111256/tools/bin/../lib/gcc/arm-none-eabi/12.3.1/thumb/v7-m/nofp\libgcc.a
LOAD C:/ST/STM32CubeIDE_1.15.1/STM32CubeIDE/plugins/com.st.stm32cube.ide.mcu.externaltools.gnu-tools-for-stm32.12.3.rel1.win32_1.0.100.202403111256/tools/bin/../lib/gcc/arm-none-eabi/12.3.1/../../../../arm-none-eabi/lib/thumb/v7-m/nofp\libc_nano.a
LOAD C:/ST/STM32CubeIDE_1.15.1/STM32CubeIDE/plugins/com.st.stm32cube.ide.mcu.externaltools.gnu-tools-for-stm32.12.3.rel1.win32_1.0.100.202403111256/tools/bin/../lib/gcc/arm-none-eabi/12.3.1/../../../../arm-none-eabi/lib/thumb/v7-m/nofp\libnosys.a
END GROUP
LOAD C:/ST/STM32CubeIDE_1.15.1/STM32CubeIDE/plugins/com.st.stm32cube.ide.mcu.externaltools.gnu-tools-for-stm32.12.3.rel1.win32_1.0.100.202403111256/tools/bin/../lib/gcc/arm-none-eabi/12.3.1/thumb/v7-m/nofp/crtend.o
LOAD C:/ST/STM32CubeIDE_1.15.1/STM32CubeIDE/plugins/com.st.stm32cube.ide.mcu.externaltools.gnu-tools-for-stm32.12.3.rel1.win32_1.0.100.202403111256/tools/bin/../lib/gcc/arm-none-eabi/12.3.1/thumb/v7-m/nofp/crtn.o
                0x20005000                        _estack = (ORIGIN (RAM) + LENGTH (RAM))
                0x00000200                        _Min_Heap_Size = 0x200
                0x00000400                        _Min_Stack_Size = 0x400

.isr_vector     0x08000000      0x130
                0x08000000                        . = ALIGN (0x4)
 *(.isr_vector)
 .isr_vector    0x08000000      0x130 ./Startup/startup_stm32f103c8tx.o
                0x08000000                g_pfnVectors
                0x08000130                        . = ALIGN (0x4)

.text           0x08000130      0xb34
                0x08000130                        . = ALIGN (0x4)
 *(.text)
 .text          0x08000130       0x40 C:/ST/STM32CubeIDE_1.15.1/STM32CubeIDE/plugins/com.st.stm32cube.ide.mcu.externaltools.gnu-tools-for-stm32.12.3.rel1.win32_1.0.100.202403111256/tools/bin/../lib/gcc/arm-none-eabi/12.3.1/thumb/v7-m/nofp/crtbegin.o
 *(.text*)
 .text.FPEC_Unlock
                0x08000170       0x30 ./Src/FPEC.o
                0x08000170                FPEC_Unlock
 .text.FPEC_lock
                0x080001a0       0x1c ./Src/FPEC.o
                0x080001a0                FPEC_lock
 .text.FPEC_PageErase
                0x080001bc       0x84 ./Src/FPEC.o
                0x080001bc                FPEC_PageErase
 .text.programflash
                0x08000240       0x68 ./Src/FPEC.o
                0x08000240                programflash
 .text.FPEC_PagesErase
                0x080002a8       0x40 ./Src/FPEC.o
                0x080002a8                FPEC_PagesErase
 .text.GPIO_Init
                0x080002e8       0x82 ./Src/gpio.o
                0x080002e8                GPIO_Init
 .text._delay_us
                0x0800036a       0x24 ./Src/lcd.o
                0x0800036a                _delay_us
 .text._delay_ms
                0x0800038e       0x1a ./Src/lcd.o
                0x0800038e                _delay_ms
 .text.LCD_Command
                0x080003a8       0x94 ./Src/lcd.o
                0x080003a8                LCD_Command
 .text.LCD_Init
                0x0800043c       0x50 ./Src/lcd.o
                0x0800043c                LCD_Init
 .text.LCD_Char
                0x0800048c       0x94 ./Src/lcd.o
                0x0800048c                LCD_Char
 .text.LCD_String
                0x08000520       0x38 ./Src/lcd.o
                0x08000520                LCD_String
 .text.LCD_Clear
                0x08000558       0x1a ./Src/lcd.o
                0x08000558                LCD_Clear
 .text.LCD_String_xy
                0x08000572       0x68 ./Src/lcd.o
                0x08000572                LCD_String_xy
 *fill*         0x080005da        0x2 
 .text.SystemInit
                0x080005dc       0x50 ./Src/main.o
                0x080005dc                SystemInit
 .text.GPIO_Config
                0x0800062c       0xa8 ./Src/main.o
                0x0800062c                GPIO_Config
 .text.GetTick  0x080006d4       0x14 ./Src/main.o
                0x080006d4                GetTick
 .text.SysTick_Handler
                0x080006e8       0x1c ./Src/main.o
                0x080006e8                SysTick_Handler
 .text.main     0x08000704      0x28c ./Src/main.o
                0x08000704                main
 .text.TIM2_Init
                0x08000990       0x38 ./Src/tim.o
                0x08000990                TIM2_Init
 .text.TIM2_Delay_ms
                0x080009c8       0x48 ./Src/tim.o
                0x080009c8                TIM2_Delay_ms
 .text.Uart2_Init
                0x08000a10       0x80 ./Src/uart.o
                0x08000a10                Uart2_Init
 .text.UART2_SendChar
                0x08000a90       0x3c ./Src/uart.o
                0x08000a90                UART2_SendChar
 .text.UART2_GetChar
                0x08000acc       0x2c ./Src/uart.o
                0x08000acc                UART2_GetChar
 .text.Reset_Handler
                0x08000af8       0x50 ./Startup/startup_stm32f103c8tx.o
                0x08000af8                Reset_Handler
 .text.Default_Handler
                0x08000b48        0x2 ./Startup/startup_stm32f103c8tx.o
                0x08000b48                EXTI2_IRQHandler
                0x08000b48                TIM8_TRG_COM_IRQHandler
                0x08000b48                TIM8_CC_IRQHandler
                0x08000b48                DebugMon_Handler
                0x08000b48                TIM1_CC_IRQHandler
                0x08000b48                HardFault_Handler
                0x08000b48                TIM6_IRQHandler
                0x08000b48                PVD_IRQHandler
                0x08000b48                SDIO_IRQHandler
                0x08000b48                PendSV_Handler
                0x08000b48                NMI_Handler
                0x08000b48                EXTI3_IRQHandler
                0x08000b48                USB_HP_CAN_TX_IRQHandler
                0x08000b48                EXTI0_IRQHandler
                0x08000b48                I2C2_EV_IRQHandler
                0x08000b48                UsageFault_Handler
                0x08000b48                ADC1_2_IRQHandler
                0x08000b48                SPI1_IRQHandler
                0x08000b48                CAN_SCE_IRQHandler
                0x08000b48                TAMPER_IRQHandler
                0x08000b48                TIM8_UP_IRQHandler
                0x08000b48                DMA2_Channel2_IRQHandler
                0x08000b48                DMA1_Channel4_IRQHandler
                0x08000b48                USART3_IRQHandler
                0x08000b48                RTC_IRQHandler
                0x08000b48                DMA1_Channel7_IRQHandler
                0x08000b48                UART5_IRQHandler
                0x08000b48                ADC3_IRQHandler
                0x08000b48                TIM4_IRQHandler
                0x08000b48                CAN_RX1_IRQHandler
                0x08000b48                DMA2_Channel1_IRQHandler
                0x08000b48                I2C1_EV_IRQHandler
                0x08000b48                DMA1_Channel6_IRQHandler
                0x08000b48                UART4_IRQHandler
                0x08000b48                TIM3_IRQHandler
                0x08000b48                RCC_IRQHandler
                0x08000b48                TIM1_TRG_COM_IRQHandler
                0x08000b48                DMA1_Channel1_IRQHandler
                0x08000b48                Default_Handler
                0x08000b48                EXTI15_10_IRQHandler
                0x08000b48                TIM7_IRQHandler
                0x08000b48                TIM5_IRQHandler
                0x08000b48                EXTI9_5_IRQHandler
                0x08000b48                SPI2_IRQHandler
                0x08000b48                USB_LP_CAN_RX0_IRQHandler
                0x08000b48                MemManage_Handler
                0x08000b48                SVC_Handler
                0x08000b48                DMA1_Channel5_IRQHandler
                0x08000b48                EXTI4_IRQHandler
                0x08000b48                DMA1_Channel3_IRQHandler
                0x08000b48                FSMC_IRQHandler
                0x08000b48                TIM1_UP_IRQHandler
                0x08000b48                WWDG_IRQHandler
                0x08000b48                TIM2_IRQHandler
                0x08000b48                TIM1_BRK_IRQHandler
                0x08000b48                EXTI1_IRQHandler
                0x08000b48                RTCAlarm_IRQHandler
                0x08000b48                DMA2_Channel4_5_IRQHandler
                0x08000b48                USART2_IRQHandler
                0x08000b48                I2C2_ER_IRQHandler
                0x08000b48                DMA1_Channel2_IRQHandler
                0x08000b48                TIM8_BRK_IRQHandler
                0x08000b48                FLASH_IRQHandler
                0x08000b48                BusFault_Handler
                0x08000b48                USART1_IRQHandler
                0x08000b48                SPI3_IRQHandler
                0x08000b48                I2C1_ER_IRQHandler
                0x08000b48                DMA2_Channel3_IRQHandler
 .text.__itoa   0x08000b4a       0x30 C:/ST/STM32CubeIDE_1.15.1/STM32CubeIDE/plugins/com.st.stm32cube.ide.mcu.externaltools.gnu-tools-for-stm32.12.3.rel1.win32_1.0.100.202403111256/tools/bin/../lib/gcc/arm-none-eabi/12.3.1/../../../../arm-none-eabi/lib/thumb/v7-m/nofp\libc_nano.a(libc_a-itoa.o)
                0x08000b4a                __itoa
 .text.itoa     0x08000b7a        0x4 C:/ST/STM32CubeIDE_1.15.1/STM32CubeIDE/plugins/com.st.stm32cube.ide.mcu.externaltools.gnu-tools-for-stm32.12.3.rel1.win32_1.0.100.202403111256/tools/bin/../lib/gcc/arm-none-eabi/12.3.1/../../../../arm-none-eabi/lib/thumb/v7-m/nofp\libc_nano.a(libc_a-itoa.o)
                0x08000b7a                itoa
 *fill*         0x08000b7e        0x2 
 .text.__utoa   0x08000b80       0x84 C:/ST/STM32CubeIDE_1.15.1/STM32CubeIDE/plugins/com.st.stm32cube.ide.mcu.externaltools.gnu-tools-for-stm32.12.3.rel1.win32_1.0.100.202403111256/tools/bin/../lib/gcc/arm-none-eabi/12.3.1/../../../../arm-none-eabi/lib/thumb/v7-m/nofp\libc_nano.a(libc_a-utoa.o)
                0x08000b80                __utoa
 .text.__libc_init_array
                0x08000c04       0x48 C:/ST/STM32CubeIDE_1.15.1/STM32CubeIDE/plugins/com.st.stm32cube.ide.mcu.externaltools.gnu-tools-for-stm32.12.3.rel1.win32_1.0.100.202403111256/tools/bin/../lib/gcc/arm-none-eabi/12.3.1/../../../../arm-none-eabi/lib/thumb/v7-m/nofp\libc_nano.a(libc_a-init.o)
                0x08000c04                __libc_init_array
 *(.glue_7)
 .glue_7        0x08000c4c        0x0 linker stubs
 *(.glue_7t)
 .glue_7t       0x08000c4c        0x0 linker stubs
 *(.eh_frame)
 .eh_frame      0x08000c4c        0x0 C:/ST/STM32CubeIDE_1.15.1/STM32CubeIDE/plugins/com.st.stm32cube.ide.mcu.externaltools.gnu-tools-for-stm32.12.3.rel1.win32_1.0.100.202403111256/tools/bin/../lib/gcc/arm-none-eabi/12.3.1/thumb/v7-m/nofp/crtbegin.o
 *(.init)
 .init          0x08000c4c        0x4 C:/ST/STM32CubeIDE_1.15.1/STM32CubeIDE/plugins/com.st.stm32cube.ide.mcu.externaltools.gnu-tools-for-stm32.12.3.rel1.win32_1.0.100.202403111256/tools/bin/../lib/gcc/arm-none-eabi/12.3.1/thumb/v7-m/nofp/crti.o
                0x08000c4c                _init
 .init          0x08000c50        0x8 C:/ST/STM32CubeIDE_1.15.1/STM32CubeIDE/plugins/com.st.stm32cube.ide.mcu.externaltools.gnu-tools-for-stm32.12.3.rel1.win32_1.0.100.202403111256/tools/bin/../lib/gcc/arm-none-eabi/12.3.1/thumb/v7-m/nofp/crtn.o
 *(.fini)
 .fini          0x08000c58        0x4 C:/ST/STM32CubeIDE_1.15.1/STM32CubeIDE/plugins/com.st.stm32cube.ide.mcu.externaltools.gnu-tools-for-stm32.12.3.rel1.win32_1.0.100.202403111256/tools/bin/../lib/gcc/arm-none-eabi/12.3.1/thumb/v7-m/nofp/crti.o
                0x08000c58                _fini
 .fini          0x08000c5c        0x8 C:/ST/STM32CubeIDE_1.15.1/STM32CubeIDE/plugins/com.st.stm32cube.ide.mcu.externaltools.gnu-tools-for-stm32.12.3.rel1.win32_1.0.100.202403111256/tools/bin/../lib/gcc/arm-none-eabi/12.3.1/thumb/v7-m/nofp/crtn.o
                0x08000c64                        . = ALIGN (0x4)
                0x08000c64                        _etext = .

.vfp11_veneer   0x08000c64        0x0
 .vfp11_veneer  0x08000c64        0x0 linker stubs

.v4_bx          0x08000c64        0x0
 .v4_bx         0x08000c64        0x0 linker stubs

.iplt           0x08000c64        0x0
 .iplt          0x08000c64        0x0 C:/ST/STM32CubeIDE_1.15.1/STM32CubeIDE/plugins/com.st.stm32cube.ide.mcu.externaltools.gnu-tools-for-stm32.12.3.rel1.win32_1.0.100.202403111256/tools/bin/../lib/gcc/arm-none-eabi/12.3.1/thumb/v7-m/nofp/crtbegin.o

.rodata         0x08000c64       0xd4
                0x08000c64                        . = ALIGN (0x4)
 *(.rodata)
 .rodata        0x08000c64       0xac ./Src/main.o
 *(.rodata*)
 .rodata.__utoa.str1.1
                0x08000d10       0x25 C:/ST/STM32CubeIDE_1.15.1/STM32CubeIDE/plugins/com.st.stm32cube.ide.mcu.externaltools.gnu-tools-for-stm32.12.3.rel1.win32_1.0.100.202403111256/tools/bin/../lib/gcc/arm-none-eabi/12.3.1/../../../../arm-none-eabi/lib/thumb/v7-m/nofp\libc_nano.a(libc_a-utoa.o)
                0x08000d38                        . = ALIGN (0x4)
 *fill*         0x08000d35        0x3 

.ARM.extab      0x08000d38        0x0
                0x08000d38                        . = ALIGN (0x4)
 *(.ARM.extab* .gnu.linkonce.armextab.*)
                0x08000d38                        . = ALIGN (0x4)

.ARM            0x08000d38        0x0
                0x08000d38                        . = ALIGN (0x4)
                0x08000d38                        __exidx_start = .
 *(.ARM.exidx*)
                0x08000d38                        __exidx_end = .
                0x08000d38                        . = ALIGN (0x4)

.preinit_array  0x08000d38        0x0
                0x08000d38                        . = ALIGN (0x4)
                0x08000d38                        PROVIDE (__preinit_array_start = .)
 *(.preinit_array*)
                0x08000d38                        PROVIDE (__preinit_array_end = .)
                0x08000d38                        . = ALIGN (0x4)

.init_array     0x08000d38        0x4
                0x08000d38                        . = ALIGN (0x4)
                0x08000d38                        PROVIDE (__init_array_start = .)
 *(SORT_BY_NAME(.init_array.*))
 *(.init_array*)
 .init_array    0x08000d38        0x4 C:/ST/STM32CubeIDE_1.15.1/STM32CubeIDE/plugins/com.st.stm32cube.ide.mcu.externaltools.gnu-tools-for-stm32.12.3.rel1.win32_1.0.100.202403111256/tools/bin/../lib/gcc/arm-none-eabi/12.3.1/thumb/v7-m/nofp/crtbegin.o
                0x08000d3c                        PROVIDE (__init_array_end = .)
                0x08000d3c                        . = ALIGN (0x4)

.fini_array     0x08000d3c        0x4
                0x08000d3c                        . = ALIGN (0x4)
                [!provide]                        PROVIDE (__fini_array_start = .)
 *(SORT_BY_NAME(.fini_array.*))
 *(.fini_array*)
 .fini_array    0x08000d3c        0x4 C:/ST/STM32CubeIDE_1.15.1/STM32CubeIDE/plugins/com.st.stm32cube.ide.mcu.externaltools.gnu-tools-for-stm32.12.3.rel1.win32_1.0.100.202403111256/tools/bin/../lib/gcc/arm-none-eabi/12.3.1/thumb/v7-m/nofp/crtbegin.o
                [!provide]                        PROVIDE (__fini_array_end = .)
                0x08000d40                        . = ALIGN (0x4)
                0x08000d40                        _sidata = LOADADDR (.data)

.rel.dyn        0x08000d40        0x0
 .rel.iplt      0x08000d40        0x0 C:/ST/STM32CubeIDE_1.15.1/STM32CubeIDE/plugins/com.st.stm32cube.ide.mcu.externaltools.gnu-tools-for-stm32.12.3.rel1.win32_1.0.100.202403111256/tools/bin/../lib/gcc/arm-none-eabi/12.3.1/thumb/v7-m/nofp/crtbegin.o

.data           0x20000000        0x0 load address 0x08000d40
                0x20000000                        . = ALIGN (0x4)
                0x20000000                        _sdata = .
 *(.data)
 *(.data*)
 *(.RamFunc)
 *(.RamFunc*)
                0x20000000                        . = ALIGN (0x4)
                0x20000000                        _edata = .

.igot.plt       0x20000000        0x0 load address 0x08000d40
 .igot.plt      0x20000000        0x0 C:/ST/STM32CubeIDE_1.15.1/STM32CubeIDE/plugins/com.st.stm32cube.ide.mcu.externaltools.gnu-tools-for-stm32.12.3.rel1.win32_1.0.100.202403111256/tools/bin/../lib/gcc/arm-none-eabi/12.3.1/thumb/v7-m/nofp/crtbegin.o
                0x20000000                        . = ALIGN (0x4)

.bss            0x20000000       0x20 load address 0x08000d40
                0x20000000                        _sbss = .
                0x20000000                        __bss_start__ = _sbss
 *(.bss)
 .bss           0x20000000       0x1c C:/ST/STM32CubeIDE_1.15.1/STM32CubeIDE/plugins/com.st.stm32cube.ide.mcu.externaltools.gnu-tools-for-stm32.12.3.rel1.win32_1.0.100.202403111256/tools/bin/../lib/gcc/arm-none-eabi/12.3.1/thumb/v7-m/nofp/crtbegin.o
 *(.bss*)
 .bss.system_tick_counter
                0x2000001c        0x4 ./Src/main.o
                0x2000001c                system_tick_counter
 *(COMMON)
                0x20000020                        . = ALIGN (0x4)
                0x20000020                        _ebss = .
                0x20000020                        __bss_end__ = _ebss

._user_heap_stack
                0x20000020      0x600 load address 0x08000d40
                0x20000020                        . = ALIGN (0x8)
                [!provide]                        PROVIDE (end = .)
                0x20000020                        PROVIDE (_end = .)
                0x20000220                        . = (. + _Min_Heap_Size)
 *fill*         0x20000020      0x200 
                0x20000620                        . = (. + _Min_Stack_Size)
 *fill*         0x20000220      0x400 
                0x20000620                        . = ALIGN (0x8)

/DISCARD/
 libc.a(*)
 libm.a(*)
 libgcc.a(*)

.ARM.attributes
                0x00000000       0x29
 *(.ARM.attributes)
 .ARM.attributes
                0x00000000       0x1d C:/ST/STM32CubeIDE_1.15.1/STM32CubeIDE/plugins/com.st.stm32cube.ide.mcu.externaltools.gnu-tools-for-stm32.12.3.rel1.win32_1.0.100.202403111256/tools/bin/../lib/gcc/arm-none-eabi/12.3.1/thumb/v7-m/nofp/crti.o
 .ARM.attributes
                0x0000001d       0x2d C:/ST/STM32CubeIDE_1.15.1/STM32CubeIDE/plugins/com.st.stm32cube.ide.mcu.externaltools.gnu-tools-for-stm32.12.3.rel1.win32_1.0.100.202403111256/tools/bin/../lib/gcc/arm-none-eabi/12.3.1/thumb/v7-m/nofp/crtbegin.o
 .ARM.attributes
                0x0000004a       0x2d ./Src/FPEC.o
 .ARM.attributes
                0x00000077       0x2d ./Src/gpio.o
 .ARM.attributes
                0x000000a4       0x2d ./Src/lcd.o
 .ARM.attributes
                0x000000d1       0x2d ./Src/main.o
 .ARM.attributes
                0x000000fe       0x2d ./Src/tim.o
 .ARM.attributes
                0x0000012b       0x2d ./Src/uart.o
 .ARM.attributes
                0x00000158       0x21 ./Startup/startup_stm32f103c8tx.o
 .ARM.attributes
                0x00000179       0x2d C:/ST/STM32CubeIDE_1.15.1/STM32CubeIDE/plugins/com.st.stm32cube.ide.mcu.externaltools.gnu-tools-for-stm32.12.3.rel1.win32_1.0.100.202403111256/tools/bin/../lib/gcc/arm-none-eabi/12.3.1/../../../../arm-none-eabi/lib/thumb/v7-m/nofp\libc_nano.a(libc_a-itoa.o)
 .ARM.attributes
                0x000001a6       0x2d C:/ST/STM32CubeIDE_1.15.1/STM32CubeIDE/plugins/com.st.stm32cube.ide.mcu.externaltools.gnu-tools-for-stm32.12.3.rel1.win32_1.0.100.202403111256/tools/bin/../lib/gcc/arm-none-eabi/12.3.1/../../../../arm-none-eabi/lib/thumb/v7-m/nofp\libc_nano.a(libc_a-utoa.o)
 .ARM.attributes
                0x000001d3       0x2d C:/ST/STM32CubeIDE_1.15.1/STM32CubeIDE/plugins/com.st.stm32cube.ide.mcu.externaltools.gnu-tools-for-stm32.12.3.rel1.win32_1.0.100.202403111256/tools/bin/../lib/gcc/arm-none-eabi/12.3.1/../../../../arm-none-eabi/lib/thumb/v7-m/nofp\libc_nano.a(libc_a-init.o)
 .ARM.attributes
                0x00000200       0x1d C:/ST/STM32CubeIDE_1.15.1/STM32CubeIDE/plugins/com.st.stm32cube.ide.mcu.externaltools.gnu-tools-for-stm32.12.3.rel1.win32_1.0.100.202403111256/tools/bin/../lib/gcc/arm-none-eabi/12.3.1/thumb/v7-m/nofp/crtn.o
OUTPUT(STM32F103_boot.elf elf32-littlearm)
LOAD linker stubs
LOAD C:/ST/STM32CubeIDE_1.15.1/STM32CubeIDE/plugins/com.st.stm32cube.ide.mcu.externaltools.gnu-tools-for-stm32.12.3.rel1.win32_1.0.100.202403111256/tools/bin/../lib/gcc/arm-none-eabi/12.3.1/../../../../arm-none-eabi/lib/thumb/v7-m/nofp\libc.a
LOAD C:/ST/STM32CubeIDE_1.15.1/STM32CubeIDE/plugins/com.st.stm32cube.ide.mcu.externaltools.gnu-tools-for-stm32.12.3.rel1.win32_1.0.100.202403111256/tools/bin/../lib/gcc/arm-none-eabi/12.3.1/../../../../arm-none-eabi/lib/thumb/v7-m/nofp\libm.a
LOAD C:/ST/STM32CubeIDE_1.15.1/STM32CubeIDE/plugins/com.st.stm32cube.ide.mcu.externaltools.gnu-tools-for-stm32.12.3.rel1.win32_1.0.100.202403111256/tools/bin/../lib/gcc/arm-none-eabi/12.3.1/thumb/v7-m/nofp\libgcc.a

.debug_info     0x00000000     0x135c
 .debug_info    0x00000000      0x1f7 ./Src/FPEC.o
 .debug_info    0x000001f7      0x1dd ./Src/gpio.o
 .debug_info    0x000003d4      0x24d ./Src/lcd.o
 .debug_info    0x00000621      0x739 ./Src/main.o
 .debug_info    0x00000d5a      0x295 ./Src/tim.o
 .debug_info    0x00000fef      0x33d ./Src/uart.o
 .debug_info    0x0000132c       0x30 ./Startup/startup_stm32f103c8tx.o

.debug_abbrev   0x00000000      0x825
 .debug_abbrev  0x00000000      0x113 ./Src/FPEC.o
 .debug_abbrev  0x00000113      0x106 ./Src/gpio.o
 .debug_abbrev  0x00000219      0x145 ./Src/lcd.o
 .debug_abbrev  0x0000035e      0x20e ./Src/main.o
 .debug_abbrev  0x0000056c       0xe8 ./Src/tim.o
 .debug_abbrev  0x00000654      0x1ad ./Src/uart.o
 .debug_abbrev  0x00000801       0x24 ./Startup/startup_stm32f103c8tx.o

.debug_aranges  0x00000000      0x1b0
 .debug_aranges
                0x00000000       0x40 ./Src/FPEC.o
 .debug_aranges
                0x00000040       0x38 ./Src/gpio.o
 .debug_aranges
                0x00000078       0x58 ./Src/lcd.o
 .debug_aranges
                0x000000d0       0x40 ./Src/main.o
 .debug_aranges
                0x00000110       0x38 ./Src/tim.o
 .debug_aranges
                0x00000148       0x40 ./Src/uart.o
 .debug_aranges
                0x00000188       0x28 ./Startup/startup_stm32f103c8tx.o

.debug_rnglists
                0x00000000      0x12a
 .debug_rnglists
                0x00000000       0x2c ./Src/FPEC.o
 .debug_rnglists
                0x0000002c       0x26 ./Src/gpio.o
 .debug_rnglists
                0x00000052       0x3f ./Src/lcd.o
 .debug_rnglists
                0x00000091       0x2d ./Src/main.o
 .debug_rnglists
                0x000000be       0x27 ./Src/tim.o
 .debug_rnglists
                0x000000e5       0x2c ./Src/uart.o
 .debug_rnglists
                0x00000111       0x19 ./Startup/startup_stm32f103c8tx.o

.debug_macro    0x00000000    0x10560
 .debug_macro   0x00000000       0xc5 ./Src/FPEC.o
 .debug_macro   0x000000c5      0xaae ./Src/FPEC.o
 .debug_macro   0x00000b73       0x22 ./Src/FPEC.o
 .debug_macro   0x00000b95       0x8e ./Src/FPEC.o
 .debug_macro   0x00000c23       0x51 ./Src/FPEC.o
 .debug_macro   0x00000c74      0x103 ./Src/FPEC.o
 .debug_macro   0x00000d77       0x6a ./Src/FPEC.o
 .debug_macro   0x00000de1      0x1df ./Src/FPEC.o
 .debug_macro   0x00000fc0       0x22 ./Src/FPEC.o
 .debug_macro   0x00000fe2       0x1c ./Src/FPEC.o
 .debug_macro   0x00000ffe       0x22 ./Src/FPEC.o
 .debug_macro   0x00001020       0xbd ./Src/FPEC.o
 .debug_macro   0x000010dd      0xd23 ./Src/FPEC.o
 .debug_macro   0x00001e00     0xe09e ./Src/FPEC.o
 .debug_macro   0x0000fe9e       0x1c ./Src/FPEC.o
 .debug_macro   0x0000feba       0xb2 ./Src/FPEC.o
 .debug_macro   0x0000ff6c       0xbc ./Src/gpio.o
 .debug_macro   0x00010028       0xac ./Src/gpio.o
 .debug_macro   0x000100d4       0xd5 ./Src/lcd.o
 .debug_macro   0x000101a9       0x3a ./Src/lcd.o
 .debug_macro   0x000101e3      0x107 ./Src/main.o
 .debug_macro   0x000102ea       0x2e ./Src/main.o
 .debug_macro   0x00010318       0x43 ./Src/main.o
 .debug_macro   0x0001035b       0x22 ./Src/main.o
 .debug_macro   0x0001037d       0x3a ./Src/main.o
 .debug_macro   0x000103b7       0x22 ./Src/main.o
 .debug_macro   0x000103d9       0xb7 ./Src/tim.o
 .debug_macro   0x00010490       0xd0 ./Src/uart.o

.debug_line     0x00000000     0x26f0
 .debug_line    0x00000000      0x644 ./Src/FPEC.o
 .debug_line    0x00000644      0x5a4 ./Src/gpio.o
 .debug_line    0x00000be8      0x6aa ./Src/lcd.o
 .debug_line    0x00001292      0x774 ./Src/main.o
 .debug_line    0x00001a06      0x615 ./Src/tim.o
 .debug_line    0x0000201b      0x65a ./Src/uart.o
 .debug_line    0x00002675       0x7b ./Startup/startup_stm32f103c8tx.o

.debug_str      0x00000000    0x54b50
 .debug_str     0x00000000    0x53fc7 ./Src/FPEC.o
                              0x541f7 (size before relaxing)
 .debug_str     0x00053fc7       0x5e ./Src/gpio.o
                              0x54120 (size before relaxing)
 .debug_str     0x00054025      0x12c ./Src/lcd.o
                              0x5420d (size before relaxing)
 .debug_str     0x00054151      0x8dd ./Src/main.o
                              0x54b5d (size before relaxing)
 .debug_str     0x00054a2e       0x70 ./Src/tim.o
                              0x53fa5 (size before relaxing)
 .debug_str     0x00054a9e       0x73 ./Src/uart.o
                              0x541ea (size before relaxing)
 .debug_str     0x00054b11       0x3f ./Startup/startup_stm32f103c8tx.o
                                 0x76 (size before relaxing)

.comment        0x00000000       0x43
 .comment       0x00000000       0x43 ./Src/FPEC.o
                                 0x44 (size before relaxing)
 .comment       0x00000043       0x44 ./Src/gpio.o
 .comment       0x00000043       0x44 ./Src/lcd.o
 .comment       0x00000043       0x44 ./Src/main.o
 .comment       0x00000043       0x44 ./Src/tim.o
 .comment       0x00000043       0x44 ./Src/uart.o

.debug_frame    0x00000000      0x544
 .debug_frame   0x00000000       0xbc ./Src/FPEC.o
 .debug_frame   0x000000bc       0xb0 ./Src/gpio.o
 .debug_frame   0x0000016c      0x124 ./Src/lcd.o
 .debug_frame   0x00000290       0xac ./Src/main.o
 .debug_frame   0x0000033c       0x98 ./Src/tim.o
 .debug_frame   0x000003d4       0xc4 ./Src/uart.o
 .debug_frame   0x00000498       0x38 C:/ST/STM32CubeIDE_1.15.1/STM32CubeIDE/plugins/com.st.stm32cube.ide.mcu.externaltools.gnu-tools-for-stm32.12.3.rel1.win32_1.0.100.202403111256/tools/bin/../lib/gcc/arm-none-eabi/12.3.1/../../../../arm-none-eabi/lib/thumb/v7-m/nofp\libc_nano.a(libc_a-itoa.o)
 .debug_frame   0x000004d0       0x48 C:/ST/STM32CubeIDE_1.15.1/STM32CubeIDE/plugins/com.st.stm32cube.ide.mcu.externaltools.gnu-tools-for-stm32.12.3.rel1.win32_1.0.100.202403111256/tools/bin/../lib/gcc/arm-none-eabi/12.3.1/../../../../arm-none-eabi/lib/thumb/v7-m/nofp\libc_nano.a(libc_a-utoa.o)
 .debug_frame   0x00000518       0x2c C:/ST/STM32CubeIDE_1.15.1/STM32CubeIDE/plugins/com.st.stm32cube.ide.mcu.externaltools.gnu-tools-for-stm32.12.3.rel1.win32_1.0.100.202403111256/tools/bin/../lib/gcc/arm-none-eabi/12.3.1/../../../../arm-none-eabi/lib/thumb/v7-m/nofp\libc_nano.a(libc_a-init.o)

.debug_line_str
                0x00000000       0x5a
 .debug_line_str
                0x00000000       0x5a ./Startup/startup_stm32f103c8tx.o
