C:/Users/Hossam/Desktop/Blue Pill/STM32F103_app/Drivers/CMSIS/core_cm3.h:1511:22:__NVIC_EnableIRQ	16	static
C:/Users/Hossam/Desktop/Blue Pill/STM32F103_app/Drivers/CMSIS/core_cm3.h:1547:22:__NVIC_DisableIRQ	16	static,ignoring_inline_asm
C:/Users/Hossam/Desktop/Blue Pill/STM32F103_app/Drivers/CMSIS/core_cm3.h:1639:22:__NVIC_SetPriority	16	static
../Src/main.c:33:6:SystemInit	4	static
../Src/main.c:72:6:GPIO_Config	8	static
../Src/main.c:98:10:GetTick	4	static
../Src/main.c:103:6:SysTick_Handler	4	static
../Src/main.c:108:6:USART2_IRQHandler	16	static
../Src/main.c:124:6:Interrupt_Config	8	static
../Src/main.c:132:5:main	24	static,ignoring_inline_asm
